2025-08-06T09:16:23.694+03:00 ERROR An exception was thrown during migration
––– details ––––––––––––––––––––––––––––––––––––––––––––––––––––––––––––––––––––

Repository.Local.Migration.Exceptions.MigrationException: An exception was thrown during migration
 ---> Microsoft.Data.Sqlite.SqliteException (0x80004005): SQLite Error 1: 'no such table: ProjectEntity'.
   at Microsoft.Data.Sqlite.SqliteException.ThrowExceptionForRC(Int32 rc, sqlite3 db)
   at Microsoft.Data.Sqlite.SqliteCommand.PrepareAndEnumerateStatements()+MoveNext()
   at Microsoft.Data.Sqlite.SqliteCommand.GetStatements()+MoveNext()
   at Microsoft.Data.Sqlite.SqliteDataReader.NextResult()
   at Microsoft.Data.Sqlite.SqliteCommand.ExecuteReader(CommandBehavior behavior)
   at Microsoft.Data.Sqlite.SqliteCommand.ExecuteReaderAsync(CommandBehavior behavior, CancellationToken cancellationToken)
   at Microsoft.Data.Sqlite.SqliteCommand.ExecuteDbDataReaderAsync(CommandBehavior behavior, CancellationToken cancellationToken)
   at LinqToDB.Data.DataConnection.ExecuteReaderAsync(CommandBehavior commandBehavior, CancellationToken cancellationToken)
   at LinqToDB.Data.DataConnection.ExecuteReaderAsync(CommandBehavior commandBehavior, CancellationToken cancellationToken)
   at LinqToDB.Data.DataConnection.ExecuteDataReaderAsync(CommandBehavior commandBehavior, CancellationToken cancellationToken)
   at LinqToDB.Data.DataConnection.ExecuteDataReaderAsync(CommandBehavior commandBehavior, CancellationToken cancellationToken)
   at LinqToDB.Data.DataConnection.QueryRunner.ExecuteReaderAsync(CancellationToken cancellationToken)
   at LinqToDB.Linq.QueryRunner.ExecuteQueryAsync[T](Query query, IDataContext dataContext, Mapper`1 mapper, Expression expression, Object[] ps, Object[] preambles, Int32 queryNumber, Func`2 func, TakeSkipDelegate skipAction, TakeSkipDelegate takeAction, CancellationToken cancellationToken)
   at LinqToDB.Linq.QueryRunner.ExecuteQueryAsync[T](Query query, IDataContext dataContext, Mapper`1 mapper, Expression expression, Object[] ps, Object[] preambles, Int32 queryNumber, Func`2 func, TakeSkipDelegate skipAction, TakeSkipDelegate takeAction, CancellationToken cancellationToken)
   at LinqToDB.Linq.QueryRunner.ExecuteQueryAsync[T](Query query, IDataContext dataContext, Mapper`1 mapper, Expression expression, Object[] ps, Object[] preambles, Int32 queryNumber, Func`2 func, TakeSkipDelegate skipAction, TakeSkipDelegate takeAction, CancellationToken cancellationToken)
   at LinqToDB.Linq.ExpressionQuery`1.GetForEachAsync(Action`1 action, CancellationToken cancellationToken)
   at LinqToDB.Linq.ExpressionQuery`1.GetForEachAsync(Action`1 action, CancellationToken cancellationToken)
   at LinqToDB.AsyncExtensions.ToListAsync[TSource](IQueryable`1 source, CancellationToken token)
   at Repository.Local.Migration.Before_v260SqLiteRepository.Implementations.ProjectRepositoryImpl.GetProjectIdsAsync(Connection connection, CancellationToken cancellationToken)
   at Repository.Local.Migration.Before_v260SqLiteRepository.SqLiteBaseRepository.ConnectionResolverAsync[T](Func`2 what, Connection inputConnection)
   at Repository.Local.Migration.Before_v260SqLiteRepository.SqLiteGlobalRepository.GetProjectIds()
   at Repository.Local.Migration.Migrations.v230.Stages.Migration230Stage1.ActualizeTips()
   at Repository.Local.Migration.Migrations.v230.Stages.Migration230Stage1.InnerMigrateAsync(CancellationToken cancellationToken)
   at Repository.Local.Migration.Migrations.v230.Stages.Migration230Stage1.InnerMigrateAsync(CancellationToken cancellationToken)
   at Repository.Local.Migration.Abstract.BaseMigrationStage.MigrateAsync(CancellationToken cancellationToken)
   at Repository.Local.Migration.Abstract.BaseMigration.MigrateAsync(Int32 startFromStage, CancellationToken cancellationToken)
   --- End of inner exception stack trace ---
   at Repository.Local.Migration.Abstract.BaseMigration.MigrateAsync(Int32 startFromStage, CancellationToken cancellationToken)
   at Repository.Local.Migration.Migrator.RunAsync(CancellationToken cancellationToken)
Microsoft.Data.Sqlite.SqliteException (0x80004005): SQLite Error 1: 'no such table: ProjectEntity'.
   at Microsoft.Data.Sqlite.SqliteException.ThrowExceptionForRC(Int32 rc, sqlite3 db)
   at Microsoft.Data.Sqlite.SqliteCommand.PrepareAndEnumerateStatements()+MoveNext()
   at Microsoft.Data.Sqlite.SqliteCommand.GetStatements()+MoveNext()
   at Microsoft.Data.Sqlite.SqliteDataReader.NextResult()
   at Microsoft.Data.Sqlite.SqliteCommand.ExecuteReader(CommandBehavior behavior)
   at Microsoft.Data.Sqlite.SqliteCommand.ExecuteReaderAsync(CommandBehavior behavior, CancellationToken cancellationToken)
   at Microsoft.Data.Sqlite.SqliteCommand.ExecuteDbDataReaderAsync(CommandBehavior behavior, CancellationToken cancellationToken)
   at LinqToDB.Data.DataConnection.ExecuteReaderAsync(CommandBehavior commandBehavior, CancellationToken cancellationToken)
   at LinqToDB.Data.DataConnection.ExecuteReaderAsync(CommandBehavior commandBehavior, CancellationToken cancellationToken)
   at LinqToDB.Data.DataConnection.ExecuteDataReaderAsync(CommandBehavior commandBehavior, CancellationToken cancellationToken)
   at LinqToDB.Data.DataConnection.ExecuteDataReaderAsync(CommandBehavior commandBehavior, CancellationToken cancellationToken)
   at LinqToDB.Data.DataConnection.QueryRunner.ExecuteReaderAsync(CancellationToken cancellationToken)
   at LinqToDB.Linq.QueryRunner.ExecuteQueryAsync[T](Query query, IDataContext dataContext, Mapper`1 mapper, Expression expression, Object[] ps, Object[] preambles, Int32 queryNumber, Func`2 func, TakeSkipDelegate skipAction, TakeSkipDelegate takeAction, CancellationToken cancellationToken)
   at LinqToDB.Linq.QueryRunner.ExecuteQueryAsync[T](Query query, IDataContext dataContext, Mapper`1 mapper, Expression expression, Object[] ps, Object[] preambles, Int32 queryNumber, Func`2 func, TakeSkipDelegate skipAction, TakeSkipDelegate takeAction, CancellationToken cancellationToken)
   at LinqToDB.Linq.QueryRunner.ExecuteQueryAsync[T](Query query, IDataContext dataContext, Mapper`1 mapper, Expression expression, Object[] ps, Object[] preambles, Int32 queryNumber, Func`2 func, TakeSkipDelegate skipAction, TakeSkipDelegate takeAction, CancellationToken cancellationToken)
   at LinqToDB.Linq.ExpressionQuery`1.GetForEachAsync(Action`1 action, CancellationToken cancellationToken)
   at LinqToDB.Linq.ExpressionQuery`1.GetForEachAsync(Action`1 action, CancellationToken cancellationToken)
   at LinqToDB.AsyncExtensions.ToListAsync[TSource](IQueryable`1 source, CancellationToken token)
   at Repository.Local.Migration.Before_v260SqLiteRepository.Implementations.ProjectRepositoryImpl.GetProjectIdsAsync(Connection connection, CancellationToken cancellationToken)
   at Repository.Local.Migration.Before_v260SqLiteRepository.SqLiteBaseRepository.ConnectionResolverAsync[T](Func`2 what, Connection inputConnection)
   at Repository.Local.Migration.Before_v260SqLiteRepository.SqLiteGlobalRepository.GetProjectIds()
   at Repository.Local.Migration.Migrations.v230.Stages.Migration230Stage1.ActualizeTips()
   at Repository.Local.Migration.Migrations.v230.Stages.Migration230Stage1.InnerMigrateAsync(CancellationToken cancellationToken)
   at Repository.Local.Migration.Migrations.v230.Stages.Migration230Stage1.InnerMigrateAsync(CancellationToken cancellationToken)
   at Repository.Local.Migration.Abstract.BaseMigrationStage.MigrateAsync(CancellationToken cancellationToken)
   at Repository.Local.Migration.Abstract.BaseMigration.MigrateAsync(Int32 startFromStage, CancellationToken cancellationToken)
––––––––––––––––––––––––––––––––––––––––––––––––––––––––––––––––––––––––––––––––
2025-08-06T09:16:23.769+03:00 ERROR Error while service registration
––– details ––––––––––––––––––––––––––––––––––––––––––––––––––––––––––––––––––––

Repository.Local.Migration.Exceptions.MigrationException: An exception was thrown during migration
 ---> Microsoft.Data.Sqlite.SqliteException (0x80004005): SQLite Error 1: 'no such table: ProjectEntity'.
   at Microsoft.Data.Sqlite.SqliteException.ThrowExceptionForRC(Int32 rc, sqlite3 db)
   at Microsoft.Data.Sqlite.SqliteCommand.PrepareAndEnumerateStatements()+MoveNext()
   at Microsoft.Data.Sqlite.SqliteCommand.GetStatements()+MoveNext()
   at Microsoft.Data.Sqlite.SqliteDataReader.NextResult()
   at Microsoft.Data.Sqlite.SqliteCommand.ExecuteReader(CommandBehavior behavior)
   at Microsoft.Data.Sqlite.SqliteCommand.ExecuteReaderAsync(CommandBehavior behavior, CancellationToken cancellationToken)
   at Microsoft.Data.Sqlite.SqliteCommand.ExecuteDbDataReaderAsync(CommandBehavior behavior, CancellationToken cancellationToken)
   at LinqToDB.Data.DataConnection.ExecuteReaderAsync(CommandBehavior commandBehavior, CancellationToken cancellationToken)
   at LinqToDB.Data.DataConnection.ExecuteReaderAsync(CommandBehavior commandBehavior, CancellationToken cancellationToken)
   at LinqToDB.Data.DataConnection.ExecuteDataReaderAsync(CommandBehavior commandBehavior, CancellationToken cancellationToken)
   at LinqToDB.Data.DataConnection.ExecuteDataReaderAsync(CommandBehavior commandBehavior, CancellationToken cancellationToken)
   at LinqToDB.Data.DataConnection.QueryRunner.ExecuteReaderAsync(CancellationToken cancellationToken)
   at LinqToDB.Linq.QueryRunner.ExecuteQueryAsync[T](Query query, IDataContext dataContext, Mapper`1 mapper, Expression expression, Object[] ps, Object[] preambles, Int32 queryNumber, Func`2 func, TakeSkipDelegate skipAction, TakeSkipDelegate takeAction, CancellationToken cancellationToken)
   at LinqToDB.Linq.QueryRunner.ExecuteQueryAsync[T](Query query, IDataContext dataContext, Mapper`1 mapper, Expression expression, Object[] ps, Object[] preambles, Int32 queryNumber, Func`2 func, TakeSkipDelegate skipAction, TakeSkipDelegate takeAction, CancellationToken cancellationToken)
   at LinqToDB.Linq.QueryRunner.ExecuteQueryAsync[T](Query query, IDataContext dataContext, Mapper`1 mapper, Expression expression, Object[] ps, Object[] preambles, Int32 queryNumber, Func`2 func, TakeSkipDelegate skipAction, TakeSkipDelegate takeAction, CancellationToken cancellationToken)
   at LinqToDB.Linq.ExpressionQuery`1.GetForEachAsync(Action`1 action, CancellationToken cancellationToken)
   at LinqToDB.Linq.ExpressionQuery`1.GetForEachAsync(Action`1 action, CancellationToken cancellationToken)
   at LinqToDB.AsyncExtensions.ToListAsync[TSource](IQueryable`1 source, CancellationToken token)
   at Repository.Local.Migration.Before_v260SqLiteRepository.Implementations.ProjectRepositoryImpl.GetProjectIdsAsync(Connection connection, CancellationToken cancellationToken)
   at Repository.Local.Migration.Before_v260SqLiteRepository.SqLiteBaseRepository.ConnectionResolverAsync[T](Func`2 what, Connection inputConnection)
   at Repository.Local.Migration.Before_v260SqLiteRepository.SqLiteGlobalRepository.GetProjectIds()
   at Repository.Local.Migration.Migrations.v230.Stages.Migration230Stage1.ActualizeTips()
   at Repository.Local.Migration.Migrations.v230.Stages.Migration230Stage1.InnerMigrateAsync(CancellationToken cancellationToken)
   at Repository.Local.Migration.Migrations.v230.Stages.Migration230Stage1.InnerMigrateAsync(CancellationToken cancellationToken)
   at Repository.Local.Migration.Abstract.BaseMigrationStage.MigrateAsync(CancellationToken cancellationToken)
   at Repository.Local.Migration.Abstract.BaseMigration.MigrateAsync(Int32 startFromStage, CancellationToken cancellationToken)
   --- End of inner exception stack trace ---
   at Repository.Local.Migration.Abstract.BaseMigration.MigrateAsync(Int32 startFromStage, CancellationToken cancellationToken)
   at Repository.Local.Migration.Migrator.RunAsync(CancellationToken cancellationToken)
   at Repository.Local.Migration.DatabaseMigratorStartup.Start()
   at Infrastructure.InfrastructureConfigurators.InfrastructureConfigurator.StartBackgroundServices(ServiceProvider serviceProvider)
   at Infrastructure.InfrastructureConfigurators.InfrastructureConfigurator.Configure(IInfrastructureConfiguration configuration, IMessageProcessor`1 processor)
Microsoft.Data.Sqlite.SqliteException (0x80004005): SQLite Error 1: 'no such table: ProjectEntity'.
   at Microsoft.Data.Sqlite.SqliteException.ThrowExceptionForRC(Int32 rc, sqlite3 db)
   at Microsoft.Data.Sqlite.SqliteCommand.PrepareAndEnumerateStatements()+MoveNext()
   at Microsoft.Data.Sqlite.SqliteCommand.GetStatements()+MoveNext()
   at Microsoft.Data.Sqlite.SqliteDataReader.NextResult()
   at Microsoft.Data.Sqlite.SqliteCommand.ExecuteReader(CommandBehavior behavior)
   at Microsoft.Data.Sqlite.SqliteCommand.ExecuteReaderAsync(CommandBehavior behavior, CancellationToken cancellationToken)
   at Microsoft.Data.Sqlite.SqliteCommand.ExecuteDbDataReaderAsync(CommandBehavior behavior, CancellationToken cancellationToken)
   at LinqToDB.Data.DataConnection.ExecuteReaderAsync(CommandBehavior commandBehavior, CancellationToken cancellationToken)
   at LinqToDB.Data.DataConnection.ExecuteReaderAsync(CommandBehavior commandBehavior, CancellationToken cancellationToken)
   at LinqToDB.Data.DataConnection.ExecuteDataReaderAsync(CommandBehavior commandBehavior, CancellationToken cancellationToken)
   at LinqToDB.Data.DataConnection.ExecuteDataReaderAsync(CommandBehavior commandBehavior, CancellationToken cancellationToken)
   at LinqToDB.Data.DataConnection.QueryRunner.ExecuteReaderAsync(CancellationToken cancellationToken)
   at LinqToDB.Linq.QueryRunner.ExecuteQueryAsync[T](Query query, IDataContext dataContext, Mapper`1 mapper, Expression expression, Object[] ps, Object[] preambles, Int32 queryNumber, Func`2 func, TakeSkipDelegate skipAction, TakeSkipDelegate takeAction, CancellationToken cancellationToken)
   at LinqToDB.Linq.QueryRunner.ExecuteQueryAsync[T](Query query, IDataContext dataContext, Mapper`1 mapper, Expression expression, Object[] ps, Object[] preambles, Int32 queryNumber, Func`2 func, TakeSkipDelegate skipAction, TakeSkipDelegate takeAction, CancellationToken cancellationToken)
   at LinqToDB.Linq.QueryRunner.ExecuteQueryAsync[T](Query query, IDataContext dataContext, Mapper`1 mapper, Expression expression, Object[] ps, Object[] preambles, Int32 queryNumber, Func`2 func, TakeSkipDelegate skipAction, TakeSkipDelegate takeAction, CancellationToken cancellationToken)
   at LinqToDB.Linq.ExpressionQuery`1.GetForEachAsync(Action`1 action, CancellationToken cancellationToken)
   at LinqToDB.Linq.ExpressionQuery`1.GetForEachAsync(Action`1 action, CancellationToken cancellationToken)
   at LinqToDB.AsyncExtensions.ToListAsync[TSource](IQueryable`1 source, CancellationToken token)
   at Repository.Local.Migration.Before_v260SqLiteRepository.Implementations.ProjectRepositoryImpl.GetProjectIdsAsync(Connection connection, CancellationToken cancellationToken)
   at Repository.Local.Migration.Before_v260SqLiteRepository.SqLiteBaseRepository.ConnectionResolverAsync[T](Func`2 what, Connection inputConnection)
   at Repository.Local.Migration.Before_v260SqLiteRepository.SqLiteGlobalRepository.GetProjectIds()
   at Repository.Local.Migration.Migrations.v230.Stages.Migration230Stage1.ActualizeTips()
   at Repository.Local.Migration.Migrations.v230.Stages.Migration230Stage1.InnerMigrateAsync(CancellationToken cancellationToken)
   at Repository.Local.Migration.Migrations.v230.Stages.Migration230Stage1.InnerMigrateAsync(CancellationToken cancellationToken)
   at Repository.Local.Migration.Abstract.BaseMigrationStage.MigrateAsync(CancellationToken cancellationToken)
   at Repository.Local.Migration.Abstract.BaseMigration.MigrateAsync(Int32 startFromStage, CancellationToken cancellationToken)
––––––––––––––––––––––––––––––––––––––––––––––––––––––––––––––––––––––––––––––––
2025-08-06T09:16:23.776+03:00 ERROR Infrastructure initialization failed.
––– details ––––––––––––––––––––––––––––––––––––––––––––––––––––––––––––––––––––

Repository.Local.Migration.Exceptions.MigrationException: An exception was thrown during migration
 ---> Microsoft.Data.Sqlite.SqliteException (0x80004005): SQLite Error 1: 'no such table: ProjectEntity'.
   at Microsoft.Data.Sqlite.SqliteException.ThrowExceptionForRC(Int32 rc, sqlite3 db)
   at Microsoft.Data.Sqlite.SqliteCommand.PrepareAndEnumerateStatements()+MoveNext()
   at Microsoft.Data.Sqlite.SqliteCommand.GetStatements()+MoveNext()
   at Microsoft.Data.Sqlite.SqliteDataReader.NextResult()
   at Microsoft.Data.Sqlite.SqliteCommand.ExecuteReader(CommandBehavior behavior)
   at Microsoft.Data.Sqlite.SqliteCommand.ExecuteReaderAsync(CommandBehavior behavior, CancellationToken cancellationToken)
   at Microsoft.Data.Sqlite.SqliteCommand.ExecuteDbDataReaderAsync(CommandBehavior behavior, CancellationToken cancellationToken)
   at LinqToDB.Data.DataConnection.ExecuteReaderAsync(CommandBehavior commandBehavior, CancellationToken cancellationToken)
   at LinqToDB.Data.DataConnection.ExecuteReaderAsync(CommandBehavior commandBehavior, CancellationToken cancellationToken)
   at LinqToDB.Data.DataConnection.ExecuteDataReaderAsync(CommandBehavior commandBehavior, CancellationToken cancellationToken)
   at LinqToDB.Data.DataConnection.ExecuteDataReaderAsync(CommandBehavior commandBehavior, CancellationToken cancellationToken)
   at LinqToDB.Data.DataConnection.QueryRunner.ExecuteReaderAsync(CancellationToken cancellationToken)
   at LinqToDB.Linq.QueryRunner.ExecuteQueryAsync[T](Query query, IDataContext dataContext, Mapper`1 mapper, Expression expression, Object[] ps, Object[] preambles, Int32 queryNumber, Func`2 func, TakeSkipDelegate skipAction, TakeSkipDelegate takeAction, CancellationToken cancellationToken)
   at LinqToDB.Linq.QueryRunner.ExecuteQueryAsync[T](Query query, IDataContext dataContext, Mapper`1 mapper, Expression expression, Object[] ps, Object[] preambles, Int32 queryNumber, Func`2 func, TakeSkipDelegate skipAction, TakeSkipDelegate takeAction, CancellationToken cancellationToken)
   at LinqToDB.Linq.QueryRunner.ExecuteQueryAsync[T](Query query, IDataContext dataContext, Mapper`1 mapper, Expression expression, Object[] ps, Object[] preambles, Int32 queryNumber, Func`2 func, TakeSkipDelegate skipAction, TakeSkipDelegate takeAction, CancellationToken cancellationToken)
   at LinqToDB.Linq.ExpressionQuery`1.GetForEachAsync(Action`1 action, CancellationToken cancellationToken)
   at LinqToDB.Linq.ExpressionQuery`1.GetForEachAsync(Action`1 action, CancellationToken cancellationToken)
   at LinqToDB.AsyncExtensions.ToListAsync[TSource](IQueryable`1 source, CancellationToken token)
   at Repository.Local.Migration.Before_v260SqLiteRepository.Implementations.ProjectRepositoryImpl.GetProjectIdsAsync(Connection connection, CancellationToken cancellationToken)
   at Repository.Local.Migration.Before_v260SqLiteRepository.SqLiteBaseRepository.ConnectionResolverAsync[T](Func`2 what, Connection inputConnection)
   at Repository.Local.Migration.Before_v260SqLiteRepository.SqLiteGlobalRepository.GetProjectIds()
   at Repository.Local.Migration.Migrations.v230.Stages.Migration230Stage1.ActualizeTips()
   at Repository.Local.Migration.Migrations.v230.Stages.Migration230Stage1.InnerMigrateAsync(CancellationToken cancellationToken)
   at Repository.Local.Migration.Migrations.v230.Stages.Migration230Stage1.InnerMigrateAsync(CancellationToken cancellationToken)
   at Repository.Local.Migration.Abstract.BaseMigrationStage.MigrateAsync(CancellationToken cancellationToken)
   at Repository.Local.Migration.Abstract.BaseMigration.MigrateAsync(Int32 startFromStage, CancellationToken cancellationToken)
   --- End of inner exception stack trace ---
   at Repository.Local.Migration.Abstract.BaseMigration.MigrateAsync(Int32 startFromStage, CancellationToken cancellationToken)
   at Repository.Local.Migration.Migrator.RunAsync(CancellationToken cancellationToken)
   at Repository.Local.Migration.DatabaseMigratorStartup.Start()
   at Infrastructure.InfrastructureConfigurators.InfrastructureConfigurator.StartBackgroundServices(ServiceProvider serviceProvider)
   at Infrastructure.InfrastructureConfigurators.InfrastructureConfigurator.Configure(IInfrastructureConfiguration configuration, IMessageProcessor`1 processor)
   at Infrastructure.Bootstrapper.<InternalRunAsync>b__4_0(IInfrastructureConfiguration configuration, IMessageProcessor`1 processor, InfrastructureInitializationMode mode)
   at Infrastructure.Handlers.Services.Initializer.InitializeAsync(IMessageProcessor`1 processor, InfrastructureInitializationCallback initialize, Int32 timeoutMilliseconds)
Microsoft.Data.Sqlite.SqliteException (0x80004005): SQLite Error 1: 'no such table: ProjectEntity'.
   at Microsoft.Data.Sqlite.SqliteException.ThrowExceptionForRC(Int32 rc, sqlite3 db)
   at Microsoft.Data.Sqlite.SqliteCommand.PrepareAndEnumerateStatements()+MoveNext()
   at Microsoft.Data.Sqlite.SqliteCommand.GetStatements()+MoveNext()
   at Microsoft.Data.Sqlite.SqliteDataReader.NextResult()
   at Microsoft.Data.Sqlite.SqliteCommand.ExecuteReader(CommandBehavior behavior)
   at Microsoft.Data.Sqlite.SqliteCommand.ExecuteReaderAsync(CommandBehavior behavior, CancellationToken cancellationToken)
   at Microsoft.Data.Sqlite.SqliteCommand.ExecuteDbDataReaderAsync(CommandBehavior behavior, CancellationToken cancellationToken)
   at LinqToDB.Data.DataConnection.ExecuteReaderAsync(CommandBehavior commandBehavior, CancellationToken cancellationToken)
   at LinqToDB.Data.DataConnection.ExecuteReaderAsync(CommandBehavior commandBehavior, CancellationToken cancellationToken)
   at LinqToDB.Data.DataConnection.ExecuteDataReaderAsync(CommandBehavior commandBehavior, CancellationToken cancellationToken)
   at LinqToDB.Data.DataConnection.ExecuteDataReaderAsync(CommandBehavior commandBehavior, CancellationToken cancellationToken)
   at LinqToDB.Data.DataConnection.QueryRunner.ExecuteReaderAsync(CancellationToken cancellationToken)
   at LinqToDB.Linq.QueryRunner.ExecuteQueryAsync[T](Query query, IDataContext dataContext, Mapper`1 mapper, Expression expression, Object[] ps, Object[] preambles, Int32 queryNumber, Func`2 func, TakeSkipDelegate skipAction, TakeSkipDelegate takeAction, CancellationToken cancellationToken)
   at LinqToDB.Linq.QueryRunner.ExecuteQueryAsync[T](Query query, IDataContext dataContext, Mapper`1 mapper, Expression expression, Object[] ps, Object[] preambles, Int32 queryNumber, Func`2 func, TakeSkipDelegate skipAction, TakeSkipDelegate takeAction, CancellationToken cancellationToken)
   at LinqToDB.Linq.QueryRunner.ExecuteQueryAsync[T](Query query, IDataContext dataContext, Mapper`1 mapper, Expression expression, Object[] ps, Object[] preambles, Int32 queryNumber, Func`2 func, TakeSkipDelegate skipAction, TakeSkipDelegate takeAction, CancellationToken cancellationToken)
   at LinqToDB.Linq.ExpressionQuery`1.GetForEachAsync(Action`1 action, CancellationToken cancellationToken)
   at LinqToDB.Linq.ExpressionQuery`1.GetForEachAsync(Action`1 action, CancellationToken cancellationToken)
   at LinqToDB.AsyncExtensions.ToListAsync[TSource](IQueryable`1 source, CancellationToken token)
   at Repository.Local.Migration.Before_v260SqLiteRepository.Implementations.ProjectRepositoryImpl.GetProjectIdsAsync(Connection connection, CancellationToken cancellationToken)
   at Repository.Local.Migration.Before_v260SqLiteRepository.SqLiteBaseRepository.ConnectionResolverAsync[T](Func`2 what, Connection inputConnection)
   at Repository.Local.Migration.Before_v260SqLiteRepository.SqLiteGlobalRepository.GetProjectIds()
   at Repository.Local.Migration.Migrations.v230.Stages.Migration230Stage1.ActualizeTips()
   at Repository.Local.Migration.Migrations.v230.Stages.Migration230Stage1.InnerMigrateAsync(CancellationToken cancellationToken)
   at Repository.Local.Migration.Migrations.v230.Stages.Migration230Stage1.InnerMigrateAsync(CancellationToken cancellationToken)
   at Repository.Local.Migration.Abstract.BaseMigrationStage.MigrateAsync(CancellationToken cancellationToken)
   at Repository.Local.Migration.Abstract.BaseMigration.MigrateAsync(Int32 startFromStage, CancellationToken cancellationToken)
––––––––––––––––––––––––––––––––––––––––––––––––––––––––––––––––––––––––––––––––
