2025-08-06T08:48:19.143+03:00 ERROR An exception was thrown during migration
––– details ––––––––––––––––––––––––––––––––––––––––––––––––––––––––––––––––––––

Repository.Local.Migration.Exceptions.MigrationException: An exception was thrown during migration
 ---> Microsoft.Data.Sqlite.SqliteException (0x80004005): SQLite Error 1: 'no such table: ProjectEntity'.
   at Microsoft.Data.Sqlite.SqliteException.ThrowExceptionForRC(Int32 rc, sqlite3 db)
   at Microsoft.Data.Sqlite.SqliteCommand.PrepareAndEnumerateStatements()+MoveNext()
   at Microsoft.Data.Sqlite.SqliteCommand.GetStatements()+MoveNext()
   at Microsoft.Data.Sqlite.SqliteDataReader.NextResult()
   at Microsoft.Data.Sqlite.SqliteCommand.ExecuteReader(CommandBehavior behavior)
   at Microsoft.Data.Sqlite.SqliteCommand.ExecuteReaderAsync(CommandBehavior behavior, CancellationToken cancellationToken)
   at Microsoft.Data.Sqlite.SqliteCommand.ExecuteDbDataReaderAsync(CommandBehavior behavior, CancellationToken cancellationToken)
   at LinqToDB.Data.DataConnection.ExecuteReaderAsync(CommandBehavior commandBehavior, CancellationToken cancellationToken)
   at LinqToDB.Data.DataConnection.ExecuteReaderAsync(CommandBehavior commandBehavior, CancellationToken cancellationToken)
   at LinqToDB.Data.DataConnection.ExecuteDataReaderAsync(CommandBehavior commandBehavior, CancellationToken cancellationToken)
   at LinqToDB.Data.DataConnection.ExecuteDataReaderAsync(CommandBehavior commandBehavior, CancellationToken cancellationToken)
   at LinqToDB.Data.DataConnection.QueryRunner.ExecuteReaderAsync(CancellationToken cancellationToken)
   at LinqToDB.Linq.QueryRunner.ExecuteElementAsync[T](Query query, IDataContext dataContext, Mapper`1 mapper, Expression expression, Object[] ps, Object[] preambles, CancellationToken cancellationToken)
   at LinqToDB.Linq.QueryRunner.ExecuteElementAsync[T](Query query, IDataContext dataContext, Mapper`1 mapper, Expression expression, Object[] ps, Object[] preambles, CancellationToken cancellationToken)
   at LinqToDB.Linq.QueryRunner.ExecuteElementAsync[T](Query query, IDataContext dataContext, Mapper`1 mapper, Expression expression, Object[] ps, Object[] preambles, CancellationToken cancellationToken)
   at LinqToDB.Linq.ExpressionQuery`1.LinqToDB.Async.IQueryProviderAsync.ExecuteAsync[TResult](Expression expression, CancellationToken cancellationToken)
   at LinqToDB.Linq.ExpressionQuery`1.LinqToDB.Async.IQueryProviderAsync.ExecuteAsync[TResult](Expression expression, CancellationToken cancellationToken)
   at Repository.Local.Migration.Before_v220SqLiteRepository.Impls.ProjectRepositoryImpl.AddProjectAsync(Connection connection, Project project, IScanSettings scanSettings, Boolean isTemp, CancellationToken cancellationToken)
   at Repository.Local.Migration.Before_v220SqLiteRepository.Impls.ProjectRepositoryImpl.AddProjectAsync(Connection connection, Project project, IScanSettings scanSettings, Boolean isTemp, CancellationToken cancellationToken)
   at Repository.Local.Migration.Before_v220SqLiteRepository.SqLiteBaseRepository.ConnectionResolverAsync(Func`2 what, Connection inputConnection)
   at Repository.Local.Migration.Before_v220SqLiteRepository.SqLiteGlobalRepository.AddProject(Project project, IScanSettings scanSettings)
   at Repository.Local.Migration.Migrations.v210.Stages.Migration210Stage1.MigrateProjects(LiteGlobalRepository liteGlobalRepository, SqLiteGlobalRepository sqliteGlobalRepository)
   at Repository.Local.Migration.Migrations.v210.Stages.Migration210Stage1.InnerMigrateAsync(CancellationToken cancellationToken)
   at Repository.Local.Migration.Migrations.v210.Stages.Migration210Stage1.InnerMigrateAsync(CancellationToken cancellationToken)
   at Repository.Local.Migration.Abstract.BaseMigrationStage.MigrateAsync(CancellationToken cancellationToken)
   at Repository.Local.Migration.Abstract.BaseMigration.MigrateAsync(Int32 startFromStage, CancellationToken cancellationToken)
   --- End of inner exception stack trace ---
   at Repository.Local.Migration.Abstract.BaseMigration.MigrateAsync(Int32 startFromStage, CancellationToken cancellationToken)
   at Repository.Local.Migration.Migrator.RunAsync(CancellationToken cancellationToken)
Microsoft.Data.Sqlite.SqliteException (0x80004005): SQLite Error 1: 'no such table: ProjectEntity'.
   at Microsoft.Data.Sqlite.SqliteException.ThrowExceptionForRC(Int32 rc, sqlite3 db)
   at Microsoft.Data.Sqlite.SqliteCommand.PrepareAndEnumerateStatements()+MoveNext()
   at Microsoft.Data.Sqlite.SqliteCommand.GetStatements()+MoveNext()
   at Microsoft.Data.Sqlite.SqliteDataReader.NextResult()
   at Microsoft.Data.Sqlite.SqliteCommand.ExecuteReader(CommandBehavior behavior)
   at Microsoft.Data.Sqlite.SqliteCommand.ExecuteReaderAsync(CommandBehavior behavior, CancellationToken cancellationToken)
   at Microsoft.Data.Sqlite.SqliteCommand.ExecuteDbDataReaderAsync(CommandBehavior behavior, CancellationToken cancellationToken)
   at LinqToDB.Data.DataConnection.ExecuteReaderAsync(CommandBehavior commandBehavior, CancellationToken cancellationToken)
   at LinqToDB.Data.DataConnection.ExecuteReaderAsync(CommandBehavior commandBehavior, CancellationToken cancellationToken)
   at LinqToDB.Data.DataConnection.ExecuteDataReaderAsync(CommandBehavior commandBehavior, CancellationToken cancellationToken)
   at LinqToDB.Data.DataConnection.ExecuteDataReaderAsync(CommandBehavior commandBehavior, CancellationToken cancellationToken)
   at LinqToDB.Data.DataConnection.QueryRunner.ExecuteReaderAsync(CancellationToken cancellationToken)
   at LinqToDB.Linq.QueryRunner.ExecuteElementAsync[T](Query query, IDataContext dataContext, Mapper`1 mapper, Expression expression, Object[] ps, Object[] preambles, CancellationToken cancellationToken)
   at LinqToDB.Linq.QueryRunner.ExecuteElementAsync[T](Query query, IDataContext dataContext, Mapper`1 mapper, Expression expression, Object[] ps, Object[] preambles, CancellationToken cancellationToken)
   at LinqToDB.Linq.QueryRunner.ExecuteElementAsync[T](Query query, IDataContext dataContext, Mapper`1 mapper, Expression expression, Object[] ps, Object[] preambles, CancellationToken cancellationToken)
   at LinqToDB.Linq.ExpressionQuery`1.LinqToDB.Async.IQueryProviderAsync.ExecuteAsync[TResult](Expression expression, CancellationToken cancellationToken)
   at LinqToDB.Linq.ExpressionQuery`1.LinqToDB.Async.IQueryProviderAsync.ExecuteAsync[TResult](Expression expression, CancellationToken cancellationToken)
   at Repository.Local.Migration.Before_v220SqLiteRepository.Impls.ProjectRepositoryImpl.AddProjectAsync(Connection connection, Project project, IScanSettings scanSettings, Boolean isTemp, CancellationToken cancellationToken)
   at Repository.Local.Migration.Before_v220SqLiteRepository.Impls.ProjectRepositoryImpl.AddProjectAsync(Connection connection, Project project, IScanSettings scanSettings, Boolean isTemp, CancellationToken cancellationToken)
   at Repository.Local.Migration.Before_v220SqLiteRepository.SqLiteBaseRepository.ConnectionResolverAsync(Func`2 what, Connection inputConnection)
   at Repository.Local.Migration.Before_v220SqLiteRepository.SqLiteGlobalRepository.AddProject(Project project, IScanSettings scanSettings)
   at Repository.Local.Migration.Migrations.v210.Stages.Migration210Stage1.MigrateProjects(LiteGlobalRepository liteGlobalRepository, SqLiteGlobalRepository sqliteGlobalRepository)
   at Repository.Local.Migration.Migrations.v210.Stages.Migration210Stage1.InnerMigrateAsync(CancellationToken cancellationToken)
   at Repository.Local.Migration.Migrations.v210.Stages.Migration210Stage1.InnerMigrateAsync(CancellationToken cancellationToken)
   at Repository.Local.Migration.Abstract.BaseMigrationStage.MigrateAsync(CancellationToken cancellationToken)
   at Repository.Local.Migration.Abstract.BaseMigration.MigrateAsync(Int32 startFromStage, CancellationToken cancellationToken)
––––––––––––––––––––––––––––––––––––––––––––––––––––––––––––––––––––––––––––––––
2025-08-06T08:48:19.241+03:00 ERROR Error while service registration
––– details ––––––––––––––––––––––––––––––––––––––––––––––––––––––––––––––––––––

Repository.Local.Migration.Exceptions.MigrationException: An exception was thrown during migration
 ---> Microsoft.Data.Sqlite.SqliteException (0x80004005): SQLite Error 1: 'no such table: ProjectEntity'.
   at Microsoft.Data.Sqlite.SqliteException.ThrowExceptionForRC(Int32 rc, sqlite3 db)
   at Microsoft.Data.Sqlite.SqliteCommand.PrepareAndEnumerateStatements()+MoveNext()
   at Microsoft.Data.Sqlite.SqliteCommand.GetStatements()+MoveNext()
   at Microsoft.Data.Sqlite.SqliteDataReader.NextResult()
   at Microsoft.Data.Sqlite.SqliteCommand.ExecuteReader(CommandBehavior behavior)
   at Microsoft.Data.Sqlite.SqliteCommand.ExecuteReaderAsync(CommandBehavior behavior, CancellationToken cancellationToken)
   at Microsoft.Data.Sqlite.SqliteCommand.ExecuteDbDataReaderAsync(CommandBehavior behavior, CancellationToken cancellationToken)
   at LinqToDB.Data.DataConnection.ExecuteReaderAsync(CommandBehavior commandBehavior, CancellationToken cancellationToken)
   at LinqToDB.Data.DataConnection.ExecuteReaderAsync(CommandBehavior commandBehavior, CancellationToken cancellationToken)
   at LinqToDB.Data.DataConnection.ExecuteDataReaderAsync(CommandBehavior commandBehavior, CancellationToken cancellationToken)
   at LinqToDB.Data.DataConnection.ExecuteDataReaderAsync(CommandBehavior commandBehavior, CancellationToken cancellationToken)
   at LinqToDB.Data.DataConnection.QueryRunner.ExecuteReaderAsync(CancellationToken cancellationToken)
   at LinqToDB.Linq.QueryRunner.ExecuteElementAsync[T](Query query, IDataContext dataContext, Mapper`1 mapper, Expression expression, Object[] ps, Object[] preambles, CancellationToken cancellationToken)
   at LinqToDB.Linq.QueryRunner.ExecuteElementAsync[T](Query query, IDataContext dataContext, Mapper`1 mapper, Expression expression, Object[] ps, Object[] preambles, CancellationToken cancellationToken)
   at LinqToDB.Linq.QueryRunner.ExecuteElementAsync[T](Query query, IDataContext dataContext, Mapper`1 mapper, Expression expression, Object[] ps, Object[] preambles, CancellationToken cancellationToken)
   at LinqToDB.Linq.ExpressionQuery`1.LinqToDB.Async.IQueryProviderAsync.ExecuteAsync[TResult](Expression expression, CancellationToken cancellationToken)
   at LinqToDB.Linq.ExpressionQuery`1.LinqToDB.Async.IQueryProviderAsync.ExecuteAsync[TResult](Expression expression, CancellationToken cancellationToken)
   at Repository.Local.Migration.Before_v220SqLiteRepository.Impls.ProjectRepositoryImpl.AddProjectAsync(Connection connection, Project project, IScanSettings scanSettings, Boolean isTemp, CancellationToken cancellationToken)
   at Repository.Local.Migration.Before_v220SqLiteRepository.Impls.ProjectRepositoryImpl.AddProjectAsync(Connection connection, Project project, IScanSettings scanSettings, Boolean isTemp, CancellationToken cancellationToken)
   at Repository.Local.Migration.Before_v220SqLiteRepository.SqLiteBaseRepository.ConnectionResolverAsync(Func`2 what, Connection inputConnection)
   at Repository.Local.Migration.Before_v220SqLiteRepository.SqLiteGlobalRepository.AddProject(Project project, IScanSettings scanSettings)
   at Repository.Local.Migration.Migrations.v210.Stages.Migration210Stage1.MigrateProjects(LiteGlobalRepository liteGlobalRepository, SqLiteGlobalRepository sqliteGlobalRepository)
   at Repository.Local.Migration.Migrations.v210.Stages.Migration210Stage1.InnerMigrateAsync(CancellationToken cancellationToken)
   at Repository.Local.Migration.Migrations.v210.Stages.Migration210Stage1.InnerMigrateAsync(CancellationToken cancellationToken)
   at Repository.Local.Migration.Abstract.BaseMigrationStage.MigrateAsync(CancellationToken cancellationToken)
   at Repository.Local.Migration.Abstract.BaseMigration.MigrateAsync(Int32 startFromStage, CancellationToken cancellationToken)
   --- End of inner exception stack trace ---
   at Repository.Local.Migration.Abstract.BaseMigration.MigrateAsync(Int32 startFromStage, CancellationToken cancellationToken)
   at Repository.Local.Migration.Migrator.RunAsync(CancellationToken cancellationToken)
   at Repository.Local.Migration.DatabaseMigratorStartup.Start()
   at Infrastructure.InfrastructureConfigurators.InfrastructureConfigurator.StartBackgroundServices(ServiceProvider serviceProvider)
   at Infrastructure.InfrastructureConfigurators.InfrastructureConfigurator.Configure(IInfrastructureConfiguration configuration, IMessageProcessor`1 processor)
Microsoft.Data.Sqlite.SqliteException (0x80004005): SQLite Error 1: 'no such table: ProjectEntity'.
   at Microsoft.Data.Sqlite.SqliteException.ThrowExceptionForRC(Int32 rc, sqlite3 db)
   at Microsoft.Data.Sqlite.SqliteCommand.PrepareAndEnumerateStatements()+MoveNext()
   at Microsoft.Data.Sqlite.SqliteCommand.GetStatements()+MoveNext()
   at Microsoft.Data.Sqlite.SqliteDataReader.NextResult()
   at Microsoft.Data.Sqlite.SqliteCommand.ExecuteReader(CommandBehavior behavior)
   at Microsoft.Data.Sqlite.SqliteCommand.ExecuteReaderAsync(CommandBehavior behavior, CancellationToken cancellationToken)
   at Microsoft.Data.Sqlite.SqliteCommand.ExecuteDbDataReaderAsync(CommandBehavior behavior, CancellationToken cancellationToken)
   at LinqToDB.Data.DataConnection.ExecuteReaderAsync(CommandBehavior commandBehavior, CancellationToken cancellationToken)
   at LinqToDB.Data.DataConnection.ExecuteReaderAsync(CommandBehavior commandBehavior, CancellationToken cancellationToken)
   at LinqToDB.Data.DataConnection.ExecuteDataReaderAsync(CommandBehavior commandBehavior, CancellationToken cancellationToken)
   at LinqToDB.Data.DataConnection.ExecuteDataReaderAsync(CommandBehavior commandBehavior, CancellationToken cancellationToken)
   at LinqToDB.Data.DataConnection.QueryRunner.ExecuteReaderAsync(CancellationToken cancellationToken)
   at LinqToDB.Linq.QueryRunner.ExecuteElementAsync[T](Query query, IDataContext dataContext, Mapper`1 mapper, Expression expression, Object[] ps, Object[] preambles, CancellationToken cancellationToken)
   at LinqToDB.Linq.QueryRunner.ExecuteElementAsync[T](Query query, IDataContext dataContext, Mapper`1 mapper, Expression expression, Object[] ps, Object[] preambles, CancellationToken cancellationToken)
   at LinqToDB.Linq.QueryRunner.ExecuteElementAsync[T](Query query, IDataContext dataContext, Mapper`1 mapper, Expression expression, Object[] ps, Object[] preambles, CancellationToken cancellationToken)
   at LinqToDB.Linq.ExpressionQuery`1.LinqToDB.Async.IQueryProviderAsync.ExecuteAsync[TResult](Expression expression, CancellationToken cancellationToken)
   at LinqToDB.Linq.ExpressionQuery`1.LinqToDB.Async.IQueryProviderAsync.ExecuteAsync[TResult](Expression expression, CancellationToken cancellationToken)
   at Repository.Local.Migration.Before_v220SqLiteRepository.Impls.ProjectRepositoryImpl.AddProjectAsync(Connection connection, Project project, IScanSettings scanSettings, Boolean isTemp, CancellationToken cancellationToken)
   at Repository.Local.Migration.Before_v220SqLiteRepository.Impls.ProjectRepositoryImpl.AddProjectAsync(Connection connection, Project project, IScanSettings scanSettings, Boolean isTemp, CancellationToken cancellationToken)
   at Repository.Local.Migration.Before_v220SqLiteRepository.SqLiteBaseRepository.ConnectionResolverAsync(Func`2 what, Connection inputConnection)
   at Repository.Local.Migration.Before_v220SqLiteRepository.SqLiteGlobalRepository.AddProject(Project project, IScanSettings scanSettings)
   at Repository.Local.Migration.Migrations.v210.Stages.Migration210Stage1.MigrateProjects(LiteGlobalRepository liteGlobalRepository, SqLiteGlobalRepository sqliteGlobalRepository)
   at Repository.Local.Migration.Migrations.v210.Stages.Migration210Stage1.InnerMigrateAsync(CancellationToken cancellationToken)
   at Repository.Local.Migration.Migrations.v210.Stages.Migration210Stage1.InnerMigrateAsync(CancellationToken cancellationToken)
   at Repository.Local.Migration.Abstract.BaseMigrationStage.MigrateAsync(CancellationToken cancellationToken)
   at Repository.Local.Migration.Abstract.BaseMigration.MigrateAsync(Int32 startFromStage, CancellationToken cancellationToken)
––––––––––––––––––––––––––––––––––––––––––––––––––––––––––––––––––––––––––––––––
2025-08-06T08:48:19.251+03:00 ERROR Infrastructure initialization failed.
––– details ––––––––––––––––––––––––––––––––––––––––––––––––––––––––––––––––––––

Repository.Local.Migration.Exceptions.MigrationException: An exception was thrown during migration
 ---> Microsoft.Data.Sqlite.SqliteException (0x80004005): SQLite Error 1: 'no such table: ProjectEntity'.
   at Microsoft.Data.Sqlite.SqliteException.ThrowExceptionForRC(Int32 rc, sqlite3 db)
   at Microsoft.Data.Sqlite.SqliteCommand.PrepareAndEnumerateStatements()+MoveNext()
   at Microsoft.Data.Sqlite.SqliteCommand.GetStatements()+MoveNext()
   at Microsoft.Data.Sqlite.SqliteDataReader.NextResult()
   at Microsoft.Data.Sqlite.SqliteCommand.ExecuteReader(CommandBehavior behavior)
   at Microsoft.Data.Sqlite.SqliteCommand.ExecuteReaderAsync(CommandBehavior behavior, CancellationToken cancellationToken)
   at Microsoft.Data.Sqlite.SqliteCommand.ExecuteDbDataReaderAsync(CommandBehavior behavior, CancellationToken cancellationToken)
   at LinqToDB.Data.DataConnection.ExecuteReaderAsync(CommandBehavior commandBehavior, CancellationToken cancellationToken)
   at LinqToDB.Data.DataConnection.ExecuteReaderAsync(CommandBehavior commandBehavior, CancellationToken cancellationToken)
   at LinqToDB.Data.DataConnection.ExecuteDataReaderAsync(CommandBehavior commandBehavior, CancellationToken cancellationToken)
   at LinqToDB.Data.DataConnection.ExecuteDataReaderAsync(CommandBehavior commandBehavior, CancellationToken cancellationToken)
   at LinqToDB.Data.DataConnection.QueryRunner.ExecuteReaderAsync(CancellationToken cancellationToken)
   at LinqToDB.Linq.QueryRunner.ExecuteElementAsync[T](Query query, IDataContext dataContext, Mapper`1 mapper, Expression expression, Object[] ps, Object[] preambles, CancellationToken cancellationToken)
   at LinqToDB.Linq.QueryRunner.ExecuteElementAsync[T](Query query, IDataContext dataContext, Mapper`1 mapper, Expression expression, Object[] ps, Object[] preambles, CancellationToken cancellationToken)
   at LinqToDB.Linq.QueryRunner.ExecuteElementAsync[T](Query query, IDataContext dataContext, Mapper`1 mapper, Expression expression, Object[] ps, Object[] preambles, CancellationToken cancellationToken)
   at LinqToDB.Linq.ExpressionQuery`1.LinqToDB.Async.IQueryProviderAsync.ExecuteAsync[TResult](Expression expression, CancellationToken cancellationToken)
   at LinqToDB.Linq.ExpressionQuery`1.LinqToDB.Async.IQueryProviderAsync.ExecuteAsync[TResult](Expression expression, CancellationToken cancellationToken)
   at Repository.Local.Migration.Before_v220SqLiteRepository.Impls.ProjectRepositoryImpl.AddProjectAsync(Connection connection, Project project, IScanSettings scanSettings, Boolean isTemp, CancellationToken cancellationToken)
   at Repository.Local.Migration.Before_v220SqLiteRepository.Impls.ProjectRepositoryImpl.AddProjectAsync(Connection connection, Project project, IScanSettings scanSettings, Boolean isTemp, CancellationToken cancellationToken)
   at Repository.Local.Migration.Before_v220SqLiteRepository.SqLiteBaseRepository.ConnectionResolverAsync(Func`2 what, Connection inputConnection)
   at Repository.Local.Migration.Before_v220SqLiteRepository.SqLiteGlobalRepository.AddProject(Project project, IScanSettings scanSettings)
   at Repository.Local.Migration.Migrations.v210.Stages.Migration210Stage1.MigrateProjects(LiteGlobalRepository liteGlobalRepository, SqLiteGlobalRepository sqliteGlobalRepository)
   at Repository.Local.Migration.Migrations.v210.Stages.Migration210Stage1.InnerMigrateAsync(CancellationToken cancellationToken)
   at Repository.Local.Migration.Migrations.v210.Stages.Migration210Stage1.InnerMigrateAsync(CancellationToken cancellationToken)
   at Repository.Local.Migration.Abstract.BaseMigrationStage.MigrateAsync(CancellationToken cancellationToken)
   at Repository.Local.Migration.Abstract.BaseMigration.MigrateAsync(Int32 startFromStage, CancellationToken cancellationToken)
   --- End of inner exception stack trace ---
   at Repository.Local.Migration.Abstract.BaseMigration.MigrateAsync(Int32 startFromStage, CancellationToken cancellationToken)
   at Repository.Local.Migration.Migrator.RunAsync(CancellationToken cancellationToken)
   at Repository.Local.Migration.DatabaseMigratorStartup.Start()
   at Infrastructure.InfrastructureConfigurators.InfrastructureConfigurator.StartBackgroundServices(ServiceProvider serviceProvider)
   at Infrastructure.InfrastructureConfigurators.InfrastructureConfigurator.Configure(IInfrastructureConfiguration configuration, IMessageProcessor`1 processor)
   at Infrastructure.Bootstrapper.<InternalRunAsync>b__4_0(IInfrastructureConfiguration configuration, IMessageProcessor`1 processor, InfrastructureInitializationMode mode)
   at Infrastructure.Handlers.Services.Initializer.InitializeAsync(IMessageProcessor`1 processor, InfrastructureInitializationCallback initialize, Int32 timeoutMilliseconds)
Microsoft.Data.Sqlite.SqliteException (0x80004005): SQLite Error 1: 'no such table: ProjectEntity'.
   at Microsoft.Data.Sqlite.SqliteException.ThrowExceptionForRC(Int32 rc, sqlite3 db)
   at Microsoft.Data.Sqlite.SqliteCommand.PrepareAndEnumerateStatements()+MoveNext()
   at Microsoft.Data.Sqlite.SqliteCommand.GetStatements()+MoveNext()
   at Microsoft.Data.Sqlite.SqliteDataReader.NextResult()
   at Microsoft.Data.Sqlite.SqliteCommand.ExecuteReader(CommandBehavior behavior)
   at Microsoft.Data.Sqlite.SqliteCommand.ExecuteReaderAsync(CommandBehavior behavior, CancellationToken cancellationToken)
   at Microsoft.Data.Sqlite.SqliteCommand.ExecuteDbDataReaderAsync(CommandBehavior behavior, CancellationToken cancellationToken)
   at LinqToDB.Data.DataConnection.ExecuteReaderAsync(CommandBehavior commandBehavior, CancellationToken cancellationToken)
   at LinqToDB.Data.DataConnection.ExecuteReaderAsync(CommandBehavior commandBehavior, CancellationToken cancellationToken)
   at LinqToDB.Data.DataConnection.ExecuteDataReaderAsync(CommandBehavior commandBehavior, CancellationToken cancellationToken)
   at LinqToDB.Data.DataConnection.ExecuteDataReaderAsync(CommandBehavior commandBehavior, CancellationToken cancellationToken)
   at LinqToDB.Data.DataConnection.QueryRunner.ExecuteReaderAsync(CancellationToken cancellationToken)
   at LinqToDB.Linq.QueryRunner.ExecuteElementAsync[T](Query query, IDataContext dataContext, Mapper`1 mapper, Expression expression, Object[] ps, Object[] preambles, CancellationToken cancellationToken)
   at LinqToDB.Linq.QueryRunner.ExecuteElementAsync[T](Query query, IDataContext dataContext, Mapper`1 mapper, Expression expression, Object[] ps, Object[] preambles, CancellationToken cancellationToken)
   at LinqToDB.Linq.QueryRunner.ExecuteElementAsync[T](Query query, IDataContext dataContext, Mapper`1 mapper, Expression expression, Object[] ps, Object[] preambles, CancellationToken cancellationToken)
   at LinqToDB.Linq.ExpressionQuery`1.LinqToDB.Async.IQueryProviderAsync.ExecuteAsync[TResult](Expression expression, CancellationToken cancellationToken)
   at LinqToDB.Linq.ExpressionQuery`1.LinqToDB.Async.IQueryProviderAsync.ExecuteAsync[TResult](Expression expression, CancellationToken cancellationToken)
   at Repository.Local.Migration.Before_v220SqLiteRepository.Impls.ProjectRepositoryImpl.AddProjectAsync(Connection connection, Project project, IScanSettings scanSettings, Boolean isTemp, CancellationToken cancellationToken)
   at Repository.Local.Migration.Before_v220SqLiteRepository.Impls.ProjectRepositoryImpl.AddProjectAsync(Connection connection, Project project, IScanSettings scanSettings, Boolean isTemp, CancellationToken cancellationToken)
   at Repository.Local.Migration.Before_v220SqLiteRepository.SqLiteBaseRepository.ConnectionResolverAsync(Func`2 what, Connection inputConnection)
   at Repository.Local.Migration.Before_v220SqLiteRepository.SqLiteGlobalRepository.AddProject(Project project, IScanSettings scanSettings)
   at Repository.Local.Migration.Migrations.v210.Stages.Migration210Stage1.MigrateProjects(LiteGlobalRepository liteGlobalRepository, SqLiteGlobalRepository sqliteGlobalRepository)
   at Repository.Local.Migration.Migrations.v210.Stages.Migration210Stage1.InnerMigrateAsync(CancellationToken cancellationToken)
   at Repository.Local.Migration.Migrations.v210.Stages.Migration210Stage1.InnerMigrateAsync(CancellationToken cancellationToken)
   at Repository.Local.Migration.Abstract.BaseMigrationStage.MigrateAsync(CancellationToken cancellationToken)
   at Repository.Local.Migration.Abstract.BaseMigration.MigrateAsync(Int32 startFromStage, CancellationToken cancellationToken)
––––––––––––––––––––––––––––––––––––––––––––––––––––––––––––––––––––––––––––––––
